// Jest Snapshot v1, https://goo.gl/fbAQLP

exports[`renders correctly 1`] = `
<View
  style={
    Object {
      "backgroundColor": "#F2F1EF",
      "flex": 1,
      "flexDirection": "column",
      "justifyContent": "space-between",
    }
  }
>
  <View
    accessibilityComponentType={undefined}
    accessibilityLabel={undefined}
    accessibilityTraits={undefined}
    accessible={true}
    collapsable={undefined}
    hasTVPreferredFocus={undefined}
    hitSlop={undefined}
    isTVSelectable={true}
    nativeID={undefined}
    onLayout={undefined}
    onResponderGrant={[Function]}
    onResponderMove={[Function]}
    onResponderRelease={[Function]}
    onResponderTerminate={[Function]}
    onResponderTerminationRequest={[Function]}
    onStartShouldSetResponder={[Function]}
    style={
      Object {
        "opacity": 1,
      }
    }
    testID={undefined}
    tvParallaxProperties={undefined}
  >
    <View
      collapsable={undefined}
      style={
        Object {
          "alignItems": "center",
          "opacity": 0,
        }
      }
    >
      <Text
        accessible={true}
        allowFontScaling={true}
        ellipsizeMode="tail"
        style={
          Array [
            Object {},
            undefined,
            undefined,
            undefined,
            undefined,
            undefined,
            undefined,
            undefined,
            undefined,
            undefined,
            Array [
              Object {
                "backgroundColor": "transparent",
                "color": "rgba(0,0,0,0.54)",
                "fontFamily": "System",
                "fontSize": 56,
                "fontWeight": "400",
                "letterSpacing": 0.273438,
                "lineHeight": 64,
              },
              Object {
                "backgroundColor": "transparent",
                "fontFamily": "System",
                "fontWeight": "300",
              },
              Object {
                "color": "#26A65B",
                "height": "50%",
                "marginTop": 100,
                "textAlign": "left",
                "width": "80%",
              },
            ],
          ]
        }
      >
        Is This 
        

        Halal?
      </Text>
    </View>
    <View
      collapsable={undefined}
      style={
        Object {
          "alignItems": "center",
          "opacity": 0,
        }
      }
    >
      <Text
        accessible={true}
        allowFontScaling={true}
        ellipsizeMode="tail"
        style={
          Array [
            Object {},
            undefined,
            undefined,
            undefined,
            Object {
              "fontSize": 27.5,
            },
            undefined,
            undefined,
            undefined,
            Object {},
            undefined,
            Array [
              Object {
                "backgroundColor": "transparent",
                "color": "rgba(0,0,0,0.87)",
                "fontFamily": "System",
                "fontSize": 24,
                "fontWeight": "400",
                "letterSpacing": 0.351562,
                "lineHeight": 32,
              },
              Object {
                "backgroundColor": "transparent",
                "fontFamily": "System",
                "fontWeight": "300",
              },
              Object {
                "color": "#26A65B",
                "left": 0,
                "margin": 20,
                "textAlign": "left",
                "width": "80%",
              },
            ],
          ]
        }
      >
        Try taking a photo
        

        of a brand
        

        or a logo
        

        and check if it is halal.
      </Text>
    </View>
  </View>
</View>
`;
